
> code-analyzer@1.0.0 build
> react-scripts build

(node:32188) [DEP0176] DeprecationWarning: fs.F_OK is deprecated, use fs.constants.F_OK instead
(Use `node --trace-deprecation ...` to show where the warning was created)
